<?xml version="1.0" encoding="utf-8"?><testsuites><testsuite name="pytest" errors="0" failures="1" skipped="0" tests="10" time="1.872" timestamp="2025-04-03T18:43:33.931641+01:00" hostname="DESKTOP-7VD5NEA"><testcase classname="test_app.TestSmartAttend" name="test_hash_password" time="0.011" /><testcase classname="test_app.TestSmartAttend" name="test_sanitize_filename" time="0.004" /><testcase classname="test_app.TestSmartAttend" name="test_signup_and_login" time="0.040"><failure message="AssertionError: b'Current Month' not found in b'&lt;!DOCTYPE html&gt;\n&lt;html lang=&quot;en&quot;&gt;\n&lt;head&gt;\n    &lt;meta charset=&quot;UTF-8&quot;&gt;\n    &lt;meta name=&quot;viewport&quot; content=&quot;width=device-width, initial-scale=1.0&quot;&gt;\n    &lt;title&gt;SmartAttend - Dashboard&lt;/title&gt;\n    &lt;link href=&quot;https://fonts.googleapis.com/css2?family=Inter:wght@400;600&amp;display=swap&quot; rel=&quot;stylesheet&quot;&gt;\n    &lt;link rel=&quot;stylesheet&quot; href=&quot;/static/style.css&quot;&gt;\n    &lt;script src=&quot;https://cdn.jsdelivr.net/npm/chart.js&quot;&gt;&lt;/script&gt;\n    &lt;!-- Add Feather Icons CDN --&gt;\n    &lt;script src=&quot;https://unpkg.com/feather-icons&quot;&gt;&lt;/script&gt;\n    \n    &lt;script src=&quot;https://cdnjs.cloudflare.com/ajax/libs/socket.io/4.5.1/socket.io.js&quot;&gt;&lt;/script&gt;\n\n&lt;/head&gt;\n&lt;body&gt;\n    &lt;!-- Modern Navbar --&gt;\n    &lt;nav class=&quot;modern-navbar&quot;&gt;\n        &lt;div class=&quot;navbar-logo&quot;&gt;\n            &lt;span class=&quot;logo&quot;&gt;SmartAttend&lt;/span&gt;\n        &lt;/div&gt;\n        &lt;ul&gt;\n            &lt;li&gt;\n                &lt;a href=&quot;/&quot; class=&quot;active&quot;&gt;\n                    &lt;i data-feather=&quot;home&quot;&gt;&lt;/i&gt; Dashboard\n                &lt;/a&gt;\n            &lt;/li&gt;\n            &lt;li&gt;\n                &lt;a href=&quot;/take-attendance-page&quot; class=&quot;&quot;&gt;\n                    &lt;i data-feather=&quot;camera&quot;&gt;&lt;/i&gt; Take Attendance\n                &lt;/a&gt;\n            &lt;/li&gt;\n            &lt;li&gt;\n                &lt;a href=&quot;/add-student-page&quot; class=&quot;&quot;&gt;\n                    &lt;i data-feather=&quot;user-plus&quot;&gt;&lt;/i&gt; Add New User\n                &lt;/a&gt;\n            &lt;/li&gt;\n            &lt;li&gt;\n                &lt;a href=&quot;/registered-students&quot; class=&quot;&quot;&gt;\n                    &lt;i data-feather=&quot;users&quot;&gt;&lt;/i&gt; Registered Students\n                &lt;/a&gt;\n            &lt;/li&gt;\n            &lt;li&gt;\n                &lt;a href=&quot;/check_attendance&quot; class=&quot;&quot;&gt;\n                    &lt;i data-feather=&quot;check-circle&quot;&gt;&lt;/i&gt; Check Attendance\n                &lt;/a&gt;\n            &lt;/li&gt;\n            &lt;li&gt;\n                &lt;a href=&quot;/auth&quot; class=&quot;&quot;&gt;\n                    &lt;i data-feather=&quot;log-out&quot;&gt;&lt;/i&gt; Logout\n                &lt;/a&gt;\n            &lt;/li&gt;\n        &lt;/ul&gt;\n        &lt;!-- Footer Details at Bottom of Navbar --&gt;\n        &lt;div class=&quot;navbar-footer&quot;&gt;\n            &lt;p&gt;\xc2\xa9 Made by Samitha Deshan. All rights reserved.&lt;/p&gt;\n            &lt;p&gt;&lt;a href=&quot;https://www.linkedin.com/in/samitha-deshan-a61015265/&quot;&gt;Contact me&lt;/a&gt;&lt;/p&gt;\n        &lt;/div&gt;\n    &lt;/nav&gt;\n\n    &lt;!-- Main Content --&gt;\n    &lt;div class=&quot;main-content&quot;&gt;\n        \n    &lt;div class=&quot;message&quot; id=&quot;messageBox&quot;&gt;&lt;/div&gt;\n\n    &lt;div class=&quot;fixed-container&quot;&gt;\n        &lt;div class=&quot;container single-column&quot;&gt;\n            &lt;!-- Summary Section --&gt;\n            &lt;div class=&quot;summary&quot;&gt;\n                &lt;div class=&quot;card&quot;&gt;\n                    &lt;h3&gt;1&lt;/h3&gt;\n                    &lt;p&gt;Total Students&lt;/p&gt;\n                &lt;/div&gt;\n                &lt;div class=&quot;card&quot;&gt;\n                    &lt;h3&gt;7&lt;/h3&gt;\n                    &lt;p&gt;Today\'s Attendance&lt;/p&gt;\n                &lt;/div&gt;\n                &lt;div class=&quot;card&quot;&gt;\n                    &lt;h3&gt;-6&lt;/h3&gt;\n                    &lt;p&gt;Absentees&lt;/p&gt;\n                &lt;/div&gt;\n            &lt;/div&gt;\n\n            &lt;!-- Attendance Trends (Monthly) --&gt;\n            &lt;div class=&quot;card&quot;&gt;\n                &lt;h2&gt;Attendance Trends (Monthly)&lt;/h2&gt;\n                &lt;div class=&quot;chart-container&quot;&gt;\n                    &lt;canvas id=&quot;attendanceChart&quot;&gt;&lt;/canvas&gt;\n                &lt;/div&gt;\n            &lt;/div&gt;\n\n            &lt;!-- Weekly Attendance Trends (Monday to Friday) --&gt;\n            &lt;div class=&quot;card&quot;&gt;\n                &lt;h2&gt;Weekly Attendance Trends (April 2025)&lt;/h2&gt;\n                &lt;div class=&quot;chart-container&quot;&gt;\n                    &lt;canvas id=&quot;weeklyAttendanceChart&quot;&gt;&lt;/canvas&gt;\n                &lt;/div&gt;\n            &lt;/div&gt;\n        &lt;/div&gt;\n    &lt;/div&gt;\n\n    &lt;/div&gt;\n\n    &lt;!-- Initialize Feather Icons --&gt;\n    &lt;script&gt;\n        document.addEventListener(\'DOMContentLoaded\', function() {\n            feather.replace();\n        });\n    &lt;/script&gt;\n    \n    &lt;script&gt;\n        // Initialize SocketIO\n        const socket = io();\n\n        // Show message to the user\n        function showMessage(message, isError = false) {\n            const messageBox = document.getElementById(\'messageBox\');\n            messageBox.textContent = message;\n            messageBox.style.display = \'block\';\n            messageBox.classList.add(\'show\');\n            if (isError) {\n                messageBox.classList.add(\'error\');\n            } else {\n                messageBox.classList.remove(\'error\');\n            }\n            setTimeout(() =&gt; {\n                messageBox.classList.remove(\'show\');\n                setTimeout(() =&gt; {\n                    messageBox.style.display = \'none\';\n                }, 300);\n            }, 3000);\n        }\n\n        // Listen for total students updates\n        socket.on(\'total_students_update\', function(data) {\n            const summaryCard = document.querySelector(\'.summary .card:first-child h3\');\n            summaryCard.textContent = data.total_students;\n        });\n\n        // Fetch monthly attendance trends data from the backend\n        document.addEventListener(\'DOMContentLoaded\', function() {\n            // Monthly Attendance Chart\n            fetch(\'/attendance-trends\')\n                .then(response =&gt; response.json())\n                .then(data =&gt; {\n                    const ctx = document.getElementById(\'attendanceChart\').getContext(\'2d\');\n                    new Chart(ctx, {\n                        type: \'line\',\n                        data: {\n                            labels: data.labels, // e.g., [\'Jan\', \'Feb\', ...]\n                            datasets: [{\n                                label: \'Attendance Rate (%)\',\n                                data: data.attendance_rates, // e.g., [85, 90, ...]\n                                borderColor: \'#1E90FF\', // Changed to blue (Dodger Blue)\n                                backgroundColor: \'rgba(30, 144, 255, 0.2)\', // Light blue fill\n                                fill: true,\n                                tension: 0.4\n                            }]\n                        },\n                        options: {\n                            responsive: true,\n                            maintainAspectRatio: false,\n                            scales: {\n                                y: {\n                                    beginAtZero: true,\n                                    max: 100,\n                                    grid: {\n                                        color: \'rgba(255, 255, 255, 0.1)\'\n                                    },\n                                    ticks: {\n                                        color: \'#E0E0E0\'\n                                    }\n                                },\n                                x: {\n                                    grid: {\n                                        color: \'rgba(255, 255, 255, 0.1)\'\n                                    },\n                                    ticks: {\n                                        color: \'#E0E0E0\'\n                                    }\n                                }\n                            },\n                            plugins: {\n                                legend: {\n                                    labels: {\n                                        color: \'#E0E0E0\'\n                                    }\n                                }\n                            }\n                        }\n                    });\n                })\n                .catch(err =&gt; {\n                    console.error(&quot;Error fetching monthly attendance trends:&quot;, err);\n                    showMessage(&quot;Failed to load monthly attendance trends.&quot;, true);\n                });\n\n            // Weekly Attendance Chart (Monday to Friday)\n            fetch(\'/weekly-attendance-trends\')\n                .then(response =&gt; response.json())\n                .then(data =&gt; {\n                    const ctxWeekly = document.getElementById(\'weeklyAttendanceChart\').getContext(\'2d\');\n                    new Chart(ctxWeekly, {\n                        type: \'bar\',\n                        data: {\n                            labels: data.labels, // e.g., [\'Monday\', \'Tuesday\', ...]\n                            datasets: [{\n                                label: \'Attendance Rate (%)\',\n                                data: data.attendance_rates, // e.g., [80, 85, ...]\n                                backgroundColor: \'#1E90FF\', // Changed to blue (Dodger Blue)\n                                borderColor: \'#1E90FF\', // Changed to blue (Dodger Blue)\n                                borderWidth: 1\n                            }]\n                        },\n                        options: {\n                            responsive: true,\n                            maintainAspectRatio: false,\n                            scales: {\n                                y: {\n                                    beginAtZero: true,\n                                    max: 100,\n                                    grid: {\n                                        color: \'rgba(255, 255, 255, 0.1)\'\n                                    },\n                                    ticks: {\n                                        color: \'#E0E0E0\'\n                                    }\n                                },\n                                x: {\n                                    grid: {\n                                        color: \'rgba(255, 255, 255, 0.1)\'\n                                    },\n                                    ticks: {\n                                        color: \'#E0E0E0\'\n                                    }\n                                }\n                            },\n                            plugins: {\n                                legend: {\n                                    labels: {\n                                        color: \'#E0E0E0\'\n                                    }\n                                }\n                            }\n                        }\n                    });\n                })\n                .catch(err =&gt; {\n                    console.error(&quot;Error fetching weekly attendance trends:&quot;, err);\n                    showMessage(&quot;Failed to load weekly attendance trends.&quot;, true);\n                });\n        });\n    &lt;/script&gt;\n\n\n    &lt;!-- Add CSS for Feather Icons --&gt;\n    &lt;style&gt;\n        .modern-navbar i {\n            margin-right: 15px; /* Space between icon and text */\n            vertical-align: middle; /* Align icon with text */\n            width: 20px; /* Set a consistent width for icons */\n            height: 20px; /* Set a consistent height for icons */\n            stroke-width: 2; /* Adjust the thickness of the icon lines */\n            color: #E0E0E0; /* Match the text color of the navbar */\n        }\n\n        .modern-navbar a.active i {\n            color: #1E90FF; /* Match the active link color (blue) */\n        }\n    &lt;/style&gt;\n&lt;/body&gt;\n&lt;/html&gt;'">self = &lt;test_app.TestSmartAttend testMethod=test_signup_and_login&gt;

    def test_signup_and_login(self):
        # Test sign-up
        signup_data = {
            'action': 'signup',
            'first_name': 'Alice',
            'last_name': 'Smith',
            'email': 'alice@example.com',
            'password': 'password123',
            'confirm_password': 'password123'
        }
        response = self.app.post('/auth', data=signup_data, follow_redirects=True)
        self.assertEqual(response.status_code, 200)
&gt;       self.assertIn(b'Current Month', response.data)  # Check if redirected to dashboard
E       AssertionError: b'Current Month' not found in b'&lt;!DOCTYPE html&gt;\n&lt;html lang="en"&gt;\n&lt;head&gt;\n    &lt;meta charset="UTF-8"&gt;\n    &lt;meta name="viewport" content="width=device-width, initial-scale=1.0"&gt;\n    &lt;title&gt;SmartAttend - Dashboard&lt;/title&gt;\n    &lt;link href="https://fonts.googleapis.com/css2?family=Inter:wght@400;600&amp;display=swap" rel="stylesheet"&gt;\n    &lt;link rel="stylesheet" href="/static/style.css"&gt;\n    &lt;script src="https://cdn.jsdelivr.net/npm/chart.js"&gt;&lt;/script&gt;\n    &lt;!-- Add Feather Icons CDN --&gt;\n    &lt;script src="https://unpkg.com/feather-icons"&gt;&lt;/script&gt;\n    \n    &lt;script src="https://cdnjs.cloudflare.com/ajax/libs/socket.io/4.5.1/socket.io.js"&gt;&lt;/script&gt;\n\n&lt;/head&gt;\n&lt;body&gt;\n    &lt;!-- Modern Navbar --&gt;\n    &lt;nav class="modern-navbar"&gt;\n        &lt;div class="navbar-logo"&gt;\n            &lt;span class="logo"&gt;SmartAttend&lt;/span&gt;\n        &lt;/div&gt;\n        &lt;ul&gt;\n            &lt;li&gt;\n                &lt;a href="/" class="active"&gt;\n                    &lt;i data-feather="home"&gt;&lt;/i&gt; Dashboard\n                &lt;/a&gt;\n            &lt;/li&gt;\n            &lt;li&gt;\n                &lt;a href="/take-attendance-page" class=""&gt;\n                    &lt;i data-feather="camera"&gt;&lt;/i&gt; Take Attendance\n                &lt;/a&gt;\n            &lt;/li&gt;\n            &lt;li&gt;\n                &lt;a href="/add-student-page" class=""&gt;\n                    &lt;i data-feather="user-plus"&gt;&lt;/i&gt; Add New User\n                &lt;/a&gt;\n            &lt;/li&gt;\n            &lt;li&gt;\n                &lt;a href="/registered-students" class=""&gt;\n                    &lt;i data-feather="users"&gt;&lt;/i&gt; Registered Students\n                &lt;/a&gt;\n            &lt;/li&gt;\n            &lt;li&gt;\n                &lt;a href="/check_attendance" class=""&gt;\n                    &lt;i data-feather="check-circle"&gt;&lt;/i&gt; Check Attendance\n                &lt;/a&gt;\n            &lt;/li&gt;\n            &lt;li&gt;\n                &lt;a href="/auth" class=""&gt;\n                    &lt;i data-feather="log-out"&gt;&lt;/i&gt; Logout\n                &lt;/a&gt;\n            &lt;/li&gt;\n        &lt;/ul&gt;\n        &lt;!-- Footer Details at Bottom of Navbar --&gt;\n        &lt;div class="navbar-footer"&gt;\n            &lt;p&gt;\xc2\xa9 Made by Samitha Deshan. All rights reserved.&lt;/p&gt;\n            &lt;p&gt;&lt;a href="https://www.linkedin.com/in/samitha-deshan-a61015265/"&gt;Contact me&lt;/a&gt;&lt;/p&gt;\n        &lt;/div&gt;\n    &lt;/nav&gt;\n\n    &lt;!-- Main Content --&gt;\n    &lt;div class="main-content"&gt;\n        \n    &lt;div class="message" id="messageBox"&gt;&lt;/div&gt;\n\n    &lt;div class="fixed-container"&gt;\n        &lt;div class="container single-column"&gt;\n            &lt;!-- Summary Section --&gt;\n            &lt;div class="summary"&gt;\n                &lt;div class="card"&gt;\n                    &lt;h3&gt;1&lt;/h3&gt;\n                    &lt;p&gt;Total Students&lt;/p&gt;\n                &lt;/div&gt;\n                &lt;div class="card"&gt;\n                    &lt;h3&gt;7&lt;/h3&gt;\n                    &lt;p&gt;Today\'s Attendance&lt;/p&gt;\n                &lt;/div&gt;\n                &lt;div class="card"&gt;\n                    &lt;h3&gt;-6&lt;/h3&gt;\n                    &lt;p&gt;Absentees&lt;/p&gt;\n                &lt;/div&gt;\n            &lt;/div&gt;\n\n            &lt;!-- Attendance Trends (Monthly) --&gt;\n            &lt;div class="card"&gt;\n                &lt;h2&gt;Attendance Trends (Monthly)&lt;/h2&gt;\n                &lt;div class="chart-container"&gt;\n                    &lt;canvas id="attendanceChart"&gt;&lt;/canvas&gt;\n                &lt;/div&gt;\n            &lt;/div&gt;\n\n            &lt;!-- Weekly Attendance Trends (Monday to Friday) --&gt;\n            &lt;div class="card"&gt;\n                &lt;h2&gt;Weekly Attendance Trends (April 2025)&lt;/h2&gt;\n                &lt;div class="chart-container"&gt;\n                    &lt;canvas id="weeklyAttendanceChart"&gt;&lt;/canvas&gt;\n                &lt;/div&gt;\n            &lt;/div&gt;\n        &lt;/div&gt;\n    &lt;/div&gt;\n\n    &lt;/div&gt;\n\n    &lt;!-- Initialize Feather Icons --&gt;\n    &lt;script&gt;\n        document.addEventListener(\'DOMContentLoaded\', function() {\n            feather.replace();\n        });\n    &lt;/script&gt;\n    \n    &lt;script&gt;\n        // Initialize SocketIO\n        const socket = io();\n\n        // Show message to the user\n        function showMessage(message, isError = false) {\n            const messageBox = document.getElementById(\'messageBox\');\n            messageBox.textContent = message;\n            messageBox.style.display = \'block\';\n            messageBox.classList.add(\'show\');\n            if (isError) {\n                messageBox.classList.add(\'error\');\n            } else {\n                messageBox.classList.remove(\'error\');\n            }\n            setTimeout(() =&gt; {\n                messageBox.classList.remove(\'show\');\n                setTimeout(() =&gt; {\n                    messageBox.style.display = \'none\';\n                }, 300);\n            }, 3000);\n        }\n\n        // Listen for total students updates\n        socket.on(\'total_students_update\', function(data) {\n            const summaryCard = document.querySelector(\'.summary .card:first-child h3\');\n            summaryCard.textContent = data.total_students;\n        });\n\n        // Fetch monthly attendance trends data from the backend\n        document.addEventListener(\'DOMContentLoaded\', function() {\n            // Monthly Attendance Chart\n            fetch(\'/attendance-trends\')\n                .then(response =&gt; response.json())\n                .then(data =&gt; {\n                    const ctx = document.getElementById(\'attendanceChart\').getContext(\'2d\');\n                    new Chart(ctx, {\n                        type: \'line\',\n                        data: {\n                            labels: data.labels, // e.g., [\'Jan\', \'Feb\', ...]\n                            datasets: [{\n                                label: \'Attendance Rate (%)\',\n                                data: data.attendance_rates, // e.g., [85, 90, ...]\n                                borderColor: \'#1E90FF\', // Changed to blue (Dodger Blue)\n                                backgroundColor: \'rgba(30, 144, 255, 0.2)\', // Light blue fill\n                                fill: true,\n                                tension: 0.4\n                            }]\n                        },\n                        options: {\n                            responsive: true,\n                            maintainAspectRatio: false,\n                            scales: {\n                                y: {\n                                    beginAtZero: true,\n                                    max: 100,\n                                    grid: {\n                                        color: \'rgba(255, 255, 255, 0.1)\'\n                                    },\n                                    ticks: {\n                                        color: \'#E0E0E0\'\n                                    }\n                                },\n                                x: {\n                                    grid: {\n                                        color: \'rgba(255, 255, 255, 0.1)\'\n                                    },\n                                    ticks: {\n                                        color: \'#E0E0E0\'\n                                    }\n                                }\n                            },\n                            plugins: {\n                                legend: {\n                                    labels: {\n                                        color: \'#E0E0E0\'\n                                    }\n                                }\n                            }\n                        }\n                    });\n                })\n                .catch(err =&gt; {\n                    console.error("Error fetching monthly attendance trends:", err);\n                    showMessage("Failed to load monthly attendance trends.", true);\n                });\n\n            // Weekly Attendance Chart (Monday to Friday)\n            fetch(\'/weekly-attendance-trends\')\n                .then(response =&gt; response.json())\n                .then(data =&gt; {\n                    const ctxWeekly = document.getElementById(\'weeklyAttendanceChart\').getContext(\'2d\');\n                    new Chart(ctxWeekly, {\n                        type: \'bar\',\n                        data: {\n                            labels: data.labels, // e.g., [\'Monday\', \'Tuesday\', ...]\n                            datasets: [{\n                                label: \'Attendance Rate (%)\',\n                                data: data.attendance_rates, // e.g., [80, 85, ...]\n                                backgroundColor: \'#1E90FF\', // Changed to blue (Dodger Blue)\n                                borderColor: \'#1E90FF\', // Changed to blue (Dodger Blue)\n                                borderWidth: 1\n                            }]\n                        },\n                        options: {\n                            responsive: true,\n                            maintainAspectRatio: false,\n                            scales: {\n                                y: {\n                                    beginAtZero: true,\n                                    max: 100,\n                                    grid: {\n                                        color: \'rgba(255, 255, 255, 0.1)\'\n                                    },\n                                    ticks: {\n                                        color: \'#E0E0E0\'\n                                    }\n                                },\n                                x: {\n                                    grid: {\n                                        color: \'rgba(255, 255, 255, 0.1)\'\n                                    },\n                                    ticks: {\n                                        color: \'#E0E0E0\'\n                                    }\n                                }\n                            },\n                            plugins: {\n                                legend: {\n                                    labels: {\n                                        color: \'#E0E0E0\'\n                                    }\n                                }\n                            }\n                        }\n                    });\n                })\n                .catch(err =&gt; {\n                    console.error("Error fetching weekly attendance trends:", err);\n                    showMessage("Failed to load weekly attendance trends.", true);\n                });\n        });\n    &lt;/script&gt;\n\n\n    &lt;!-- Add CSS for Feather Icons --&gt;\n    &lt;style&gt;\n        .modern-navbar i {\n            margin-right: 15px; /* Space between icon and text */\n            vertical-align: middle; /* Align icon with text */\n            width: 20px; /* Set a consistent width for icons */\n            height: 20px; /* Set a consistent height for icons */\n            stroke-width: 2; /* Adjust the thickness of the icon lines */\n            color: #E0E0E0; /* Match the text color of the navbar */\n        }\n\n        .modern-navbar a.active i {\n            color: #1E90FF; /* Match the active link color (blue) */\n        }\n    &lt;/style&gt;\n&lt;/body&gt;\n&lt;/html&gt;'

test_app.py:84: AssertionError</failure></testcase><testcase classname="test_app.TestSmartAttend" name="test_student_exists_existing" time="0.004" /><testcase classname="test_app.TestSmartAttend" name="test_student_exists_non_existing" time="0.004" /><testcase classname="test_app.TestSmartAttend" name="test_user_exists_existing" time="0.004" /><testcase classname="test_app.TestSmartAttend" name="test_user_exists_non_existing" time="0.004" /><testcase classname="test_app.TestSmartAttend" name="test_verify_user_invalid_email" time="0.004" /><testcase classname="test_app.TestSmartAttend" name="test_verify_user_invalid_password" time="0.005" /><testcase classname="test_app.TestSmartAttend" name="test_verify_user_valid" time="0.004" /></testsuite></testsuites>